--------------------------------------------------------------------------------
Release 14.7 Trace  (nt64)
Copyright (c) 1995-2013 Xilinx, Inc.  All rights reserved.

C:\XilinxISE\14.7\ISE_DS\ISE\bin\nt64\unwrapped\trce.exe -intstyle ise -v 3 -s
1 -n 3 -fastpaths -xml D_74LS138.twx D_74LS138.ncd -o D_74LS138.twr
D_74LS138.pcf -ucf D_74LS137_sim.ucf

Design file:              D_74LS138.ncd
Physical constraint file: D_74LS138.pcf
Device,package,speed:     xc7k160t,ffg676,C,-1 (PRODUCTION 1.10 2013-10-13)
Report level:             verbose report

Environment Variable      Effect 
--------------------      ------ 
NONE                      No environment variables were set
--------------------------------------------------------------------------------

INFO:Timing:2698 - No timing constraints found, doing default enumeration.
INFO:Timing:3412 - To improve timing, see the Timing Closure User Guide (UG612).
INFO:Timing:2752 - To get complete path coverage, use the unconstrained paths 
   option. All paths that are not constrained will be reported in the 
   unconstrained paths section(s) of the report.
INFO:Timing:3339 - The clock-to-out numbers in this timing report are based on 
   a 50 Ohm transmission line loading model.  For the details of this model, 
   and for more information on accounting for different loading conditions, 
   please see the device datasheet.



Data Sheet report:
-----------------
All values displayed in nanoseconds (ns)

Pad to Pad
---------------+---------------+---------+
Source Pad     |Destination Pad|  Delay  |
---------------+---------------+---------+
A              |Y<0>           |    6.801|
A              |Y<1>           |    6.749|
A              |Y<2>           |    6.826|
A              |Y<3>           |    6.704|
A              |Y<4>           |    7.064|
A              |Y<5>           |    7.055|
A              |Y<6>           |    7.034|
A              |Y<7>           |    6.602|
B              |Y<0>           |    6.702|
B              |Y<1>           |    6.690|
B              |Y<2>           |    6.952|
B              |Y<3>           |    6.864|
B              |Y<4>           |    6.965|
B              |Y<5>           |    6.996|
B              |Y<6>           |    7.160|
B              |Y<7>           |    6.762|
C              |Y<0>           |    6.465|
C              |Y<1>           |    6.509|
C              |Y<2>           |    6.517|
C              |Y<3>           |    6.335|
C              |Y<4>           |    6.582|
C              |Y<5>           |    6.469|
C              |Y<6>           |    6.319|
C              |Y<7>           |    6.177|
G              |Y<0>           |    6.780|
G              |Y<1>           |    7.099|
G              |Y<2>           |    6.845|
G              |Y<3>           |    6.964|
G              |Y<4>           |    6.903|
G              |Y<5>           |    6.814|
G              |Y<6>           |    6.819|
G              |Y<7>           |    6.923|
G2A            |Y<0>           |    6.836|
G2A            |Y<1>           |    7.155|
G2A            |Y<2>           |    6.901|
G2A            |Y<3>           |    7.020|
G2A            |Y<4>           |    6.959|
G2A            |Y<5>           |    6.870|
G2A            |Y<6>           |    6.875|
G2A            |Y<7>           |    6.979|
G2B            |Y<0>           |    7.058|
G2B            |Y<1>           |    7.377|
G2B            |Y<2>           |    7.123|
G2B            |Y<3>           |    7.242|
G2B            |Y<4>           |    7.181|
G2B            |Y<5>           |    7.092|
G2B            |Y<6>           |    7.097|
G2B            |Y<7>           |    7.201|
---------------+---------------+---------+


Analysis completed Mon Oct 18 17:26:42 2021 
--------------------------------------------------------------------------------

Trace Settings:
-------------------------
Trace Settings 

Peak Memory Usage: 5100 MB



